$ /home/builder/projects/nautilus-crypto-backtest-lab/.venv/bin/python -m unittest -v tests.unit.test_audit_qualification_validator tests.unit.test_audit_research_validator tests.unit.test_comprehensive_audit_regressions tests.unit.test_engine_data_window tests.unit.test_historical_contracts tests.unit.test_instrument_representation_funding_checker_repair tests.unit.test_m4_multiprocess_locking tests.unit.test_profile_authority tests.unit.test_result_status tests.unit.test_runtime_installed_files tests.unit.test_spot_cash_reconciliation tests.unit.test_timestamps
exit_code=1
duration_seconds=41.429090

test_current_runtime_proof_qualification_passes (tests.unit.test_audit_qualification_validator.AuditQualificationValidatorTests.test_current_runtime_proof_qualification_passes) ... ok
test_runtime_proof_and_manifest_tamper_fail_closed (tests.unit.test_audit_qualification_validator.AuditQualificationValidatorTests.test_runtime_proof_and_manifest_tamper_fail_closed) ... ok
test_final_six_development_runs_revalidate_from_committed_evidence (tests.unit.test_audit_research_validator.AuditResearchValidatorTests.test_final_six_development_runs_revalidate_from_committed_evidence) ... FAIL
test_missing_raw_source_diagnostic_remains_fail_closed (tests.unit.test_audit_research_validator.AuditResearchValidatorTests.test_missing_raw_source_diagnostic_remains_fail_closed) ... ok
test_f001_historical_impossible_spot_benchmark_is_financially_rejected (tests.unit.test_comprehensive_audit_regressions.AuditRegressionTests.test_f001_historical_impossible_spot_benchmark_is_financially_rejected) ... ok
test_f004_every_real_perpetual_run_gets_exact_funding_binding_check (tests.unit.test_comprehensive_audit_regressions.AuditRegressionTests.test_f004_every_real_perpetual_run_gets_exact_funding_binding_check) ... ok
test_f005_funding_converter_rejects_cross_instrument_relabel (tests.unit.test_comprehensive_audit_regressions.AuditRegressionTests.test_f005_funding_converter_rejects_cross_instrument_relabel) ... ok
test_f005_mark_converter_rejects_cross_instrument_relabel (tests.unit.test_comprehensive_audit_regressions.AuditRegressionTests.test_f005_mark_converter_rejects_cross_instrument_relabel) ... ok
test_f007_utc_conversion_uses_exact_integer_arithmetic (tests.unit.test_comprehensive_audit_regressions.AuditRegressionTests.test_f007_utc_conversion_uses_exact_integer_arithmetic) ... ok
test_f009_failure_code_vocabulary_exactly_matches_ssot_section_15 (tests.unit.test_comprehensive_audit_regressions.AuditRegressionTests.test_f009_failure_code_vocabulary_exactly_matches_ssot_section_15) ... ok
test_owner_child_uses_single_cli_module_identity (tests.unit.test_comprehensive_audit_regressions.AuditRegressionTests.test_owner_child_uses_single_cli_module_identity) ... ok
test_perpetual_boundary_keeps_final_mark_but_excludes_funding_at_end (tests.unit.test_engine_data_window.EngineDataWindowTests.test_perpetual_boundary_keeps_final_mark_but_excludes_funding_at_end) ... ok
test_perpetual_callbacks_exclude_boundary_funding_and_all_future_data (tests.unit.test_engine_data_window.EngineDataWindowTests.test_perpetual_callbacks_exclude_boundary_funding_and_all_future_data) ... ok
test_spot_engine_callbacks_never_receive_post_boundary_release_data (tests.unit.test_engine_data_window.EngineDataWindowTests.test_spot_engine_callbacks_never_receive_post_boundary_release_data) ... ok
test_spot_release_larger_than_run_is_filtered_before_engine_boundary (tests.unit.test_engine_data_window.EngineDataWindowTests.test_spot_release_larger_than_run_is_filtered_before_engine_boundary) ... ok
test_all_declared_validators_resolve_to_immutable_ancestor_snapshots (tests.unit.test_historical_contracts.HistoricalContractTests.test_all_declared_validators_resolve_to_immutable_ancestor_snapshots) ... ok
test_bad_historical_hash_is_evidence_corrupt_not_a_root_delta (tests.unit.test_historical_contracts.HistoricalContractTests.test_bad_historical_hash_is_evidence_corrupt_not_a_root_delta) ... ok
test_current_lock_change_is_distinct_from_historical_corruption (tests.unit.test_historical_contracts.HistoricalContractTests.test_current_lock_change_is_distinct_from_historical_corruption) ... ok
test_matching_current_file_reports_historical_snapshot_valid (tests.unit.test_historical_contracts.HistoricalContractTests.test_matching_current_file_reports_historical_snapshot_valid) ... ok
test_duplicate_source_pair_and_genuine_second_settlement_fail (tests.unit.test_instrument_representation_funding_checker_repair.FundingCheckerRepairTests.test_duplicate_source_pair_and_genuine_second_settlement_fail) ... ok
test_millisecond_offset_exact_boundary_long_short_and_no_position (tests.unit.test_instrument_representation_funding_checker_repair.FundingCheckerRepairTests.test_millisecond_offset_exact_boundary_long_short_and_no_position) ... ok
test_missing_future_and_stale_mark_fail_closed (tests.unit.test_instrument_representation_funding_checker_repair.FundingCheckerRepairTests.test_missing_future_and_stale_mark_fail_closed) ... ok
test_missing_settlement_and_wrong_rate_fail_closed (tests.unit.test_instrument_representation_funding_checker_repair.FundingCheckerRepairTests.test_missing_settlement_and_wrong_rate_fail_closed) ... ok
test_position_opened_after_boundary_is_a_no_position_boundary (tests.unit.test_instrument_representation_funding_checker_repair.FundingCheckerRepairTests.test_position_opened_after_boundary_is_a_no_position_boundary) ... ok
test_wrong_account_delta_and_no_position_settlement_fail_closed (tests.unit.test_instrument_representation_funding_checker_repair.FundingCheckerRepairTests.test_wrong_account_delta_and_no_position_settlement_fail_closed) ... ok
test_wrong_mark_position_and_boundary_fail_closed (tests.unit.test_instrument_representation_funding_checker_repair.FundingCheckerRepairTests.test_wrong_mark_position_and_boundary_fail_closed) ... ok
test_old_spot_false_pass_is_now_check_fail_without_evidence_mutation (tests.unit.test_instrument_representation_funding_checker_repair.HistoricalCheckerRegressionTests.test_old_spot_false_pass_is_now_check_fail_without_evidence_mutation) ... ok
test_raw_rehash_accepts_only_the_added_official_binance_cms_host (tests.unit.test_instrument_representation_funding_checker_repair.HistoricalCheckerRegressionTests.test_raw_rehash_accepts_only_the_added_official_binance_cms_host) ... ok
test_sparse_spot_acceptance_does_not_require_a_bar_for_no_trade_minutes (tests.unit.test_instrument_representation_funding_checker_repair.HistoricalCheckerRegressionTests.test_sparse_spot_acceptance_does_not_require_a_bar_for_no_trade_minutes) ... ok
test_explicit_boundary_pair_maps_one_source_event_to_two_updates (tests.unit.test_instrument_representation_funding_checker_repair.LosslessRepresentationTests.test_explicit_boundary_pair_maps_one_source_event_to_two_updates) ... ok
test_representation_precision_does_not_weaken_order_grid (tests.unit.test_instrument_representation_funding_checker_repair.LosslessRepresentationTests.test_representation_precision_does_not_weaken_order_grid) ... ok
test_spot_and_perpetual_runtime_precision_is_instrument_bound (tests.unit.test_instrument_representation_funding_checker_repair.LosslessRepresentationTests.test_spot_and_perpetual_runtime_precision_is_instrument_bound) ... ok
test_zero_padding_is_lossless_and_rounding_is_rejected (tests.unit.test_instrument_representation_funding_checker_repair.LosslessRepresentationTests.test_zero_padding_is_lossless_and_rounding_is_rejected) ... ok
test_owner_workflow_pins_official_child_runtime_environment (tests.unit.test_instrument_representation_funding_checker_repair.ReplacementWorkflowInputTests.test_owner_workflow_pins_official_child_runtime_environment) ... ok
test_replacement_inputs_lock_new_releases_and_supersession (tests.unit.test_instrument_representation_funding_checker_repair.ReplacementWorkflowInputTests.test_replacement_inputs_lock_new_releases_and_supersession) ... ok
test_replacement_retry_lists_every_retained_predecessor (tests.unit.test_instrument_representation_funding_checker_repair.ReplacementWorkflowInputTests.test_replacement_retry_lists_every_retained_predecessor) ... ok
test_holdout_crash_before_atomic_replace_preserves_head_and_recovers (tests.unit.test_m4_multiprocess_locking.MultiprocessHistoryLockTests.test_holdout_crash_before_atomic_replace_preserves_head_and_recovers) ... /usr/lib/python3.12/multiprocessing/popen_fork.py:66: DeprecationWarning: This process (pid=15434) is multi-threaded, use of fork() may lead to deadlocks in the child.
  self.pid = os.fork()
ok
test_nonoverlapping_holdout_updates_are_not_lost (tests.unit.test_m4_multiprocess_locking.MultiprocessHistoryLockTests.test_nonoverlapping_holdout_updates_are_not_lost) ... ok
test_overlapping_holdout_consumers_have_exactly_one_winner (tests.unit.test_m4_multiprocess_locking.MultiprocessHistoryLockTests.test_overlapping_holdout_consumers_have_exactly_one_winner) ... ok
test_process_crash_releases_lock_but_partial_state_remains_fail_closed (tests.unit.test_m4_multiprocess_locking.MultiprocessHistoryLockTests.test_process_crash_releases_lock_but_partial_state_remains_fail_closed) ... ok
test_trial_start_sequence_and_hash_chain_are_atomic_across_processes (tests.unit.test_m4_multiprocess_locking.MultiprocessHistoryLockTests.test_trial_start_sequence_and_hash_chain_are_atomic_across_processes) ... ok
test_exact_registry_and_record_are_bound (tests.unit.test_profile_authority.QualifiedProfileAuthorityTests.test_exact_registry_and_record_are_bound) ... ok
test_registry_tamper_wrong_record_and_unsafe_path_fail_closed (tests.unit.test_profile_authority.QualifiedProfileAuthorityTests.test_registry_tamper_wrong_record_and_unsafe_path_fail_closed) ... ok
test_duplicate_unsafe_or_claim_authorizing_registry_fails_closed (tests.unit.test_result_status.HistoricalResultStatusTests.test_duplicate_unsafe_or_claim_authorizing_registry_fails_closed) ... ok
test_registry_exposes_additive_revocation_without_authorizing_claims (tests.unit.test_result_status.HistoricalResultStatusTests.test_registry_exposes_additive_revocation_without_authorizing_claims) ... ok
test_superseded_remediation_run_is_revoked_by_default_lookup (tests.unit.test_result_status.HistoricalResultStatusTests.test_superseded_remediation_run_is_revoked_by_default_lookup) ... ok
test_warned_owner_child_run_is_revoked_by_default_lookup (tests.unit.test_result_status.HistoricalResultStatusTests.test_warned_owner_child_run_is_revoked_by_default_lookup) ... ok
test_cache_is_the_only_unrecorded_file_exception (tests.unit.test_runtime_installed_files.InstalledRuntimeFileTests.test_cache_is_the_only_unrecorded_file_exception) ... ok
test_modify_delete_and_add_payload_files_fail_closed (tests.unit.test_runtime_installed_files.InstalledRuntimeFileTests.test_modify_delete_and_add_payload_files_fail_closed) ... ok
test_official_runtime_proof_is_required_and_payload_tamper_fails_closed (tests.unit.test_runtime_installed_files.InstalledRuntimeFileTests.test_official_runtime_proof_is_required_and_payload_tamper_fails_closed) ... ok
test_adverse_next_bar_gap_unfunded_buy_is_rejected_pre_submission (tests.unit.test_spot_cash_reconciliation.SpotCashReconciliationTests.test_adverse_next_bar_gap_unfunded_buy_is_rejected_pre_submission) ... ok
test_balance_or_commission_tamper_fails_independent_reconciliation (tests.unit.test_spot_cash_reconciliation.SpotCashReconciliationTests.test_balance_or_commission_tamper_fails_independent_reconciliation) ... ok
test_nonfinancial_account_snapshot_before_fill_is_allowed_but_bound_exactly (tests.unit.test_spot_cash_reconciliation.SpotCashReconciliationTests.test_nonfinancial_account_snapshot_before_fill_is_allowed_but_bound_exactly) ... ok
test_partial_fills_fees_and_decimal_rounding_reconcile_exactly (tests.unit.test_spot_cash_reconciliation.SpotCashReconciliationTests.test_partial_fills_fees_and_decimal_rounding_reconcile_exactly) ... ok
test_quote_denominated_buy_survives_adverse_gap_without_overspend (tests.unit.test_spot_cash_reconciliation.SpotCashReconciliationTests.test_quote_denominated_buy_survives_adverse_gap_without_overspend) ... ok
test_sell_exceeding_available_base_is_rejected_even_if_native_rows_exist (tests.unit.test_spot_cash_reconciliation.SpotCashReconciliationTests.test_sell_exceeding_available_base_is_rejected_even_if_native_rows_exist) ... ok
test_far_future_date_does_not_lose_precision (tests.unit.test_timestamps.ExactTimestampTests.test_far_future_date_does_not_lose_precision) ... ok
test_half_open_boundary_preserves_exact_one_microsecond_predecessor (tests.unit.test_timestamps.ExactTimestampTests.test_half_open_boundary_preserves_exact_one_microsecond_predecessor) ... ok
test_microseconds_and_negative_epoch_use_integer_arithmetic (tests.unit.test_timestamps.ExactTimestampTests.test_microseconds_and_negative_epoch_use_integer_arithmetic) ... ok
test_millisecond_conversion_floors_submillisecond_without_float (tests.unit.test_timestamps.ExactTimestampTests.test_millisecond_conversion_floors_submillisecond_without_float) ... ok
test_non_utc_and_unrepresentable_nanoseconds_fail_closed (tests.unit.test_timestamps.ExactTimestampTests.test_non_utc_and_unrepresentable_nanoseconds_fail_closed) ... ok

======================================================================
FAIL: test_final_six_development_runs_revalidate_from_committed_evidence (tests.unit.test_audit_research_validator.AuditResearchValidatorTests.test_final_six_development_runs_revalidate_from_committed_evidence)
----------------------------------------------------------------------
Traceback (most recent call last):
  File "/home/builder/projects/nautilus-crypto-backtest-lab/tests/unit/test_audit_research_validator.py", line 42, in test_final_six_development_runs_revalidate_from_committed_evidence
    self.assertEqual(result["status"], "PASS", result["failures"])
AssertionError: 'FAIL' != 'PASS'
- FAIL
+ PASS
 : ['comprehensive-audit-remediation-003-perpetual-benchmark-buy-and-hold-1x-development:ValueError:PRIMARY persisted checker differs from current read-only checker; original_rebuild_diagnostic={"failed_checks":[{"detail":"EVIDENCE_INCOMPLETE: SourceRevision mismatch: clean_worktree; unexpected_paths=evidence/audit/comprehensive-remediation-001/owner-signoff-001/acceptance-pass-001/logs/01-full-test-discovery.log,evidence/audit/comprehensive-remediation-001/owner-signoff-001/acceptance-pass-001/logs/02-independent-fresh-process.log,evidence/audit/comprehensive-remediation-001/owner-signoff-001/acceptance-pass-001/logs/03-reverse-order.log,evidence/audit/comprehensive-remediation-001/owner-signoff-001/acceptance-pass-001/reverse-order/output.txt,evidence/audit/comprehensive-remediation-001/owner-signoff-001/acceptance-pass-001/reverse-order/result.json","name":"source_revision","pass":false}],"failure_codes":["EVIDENCE_INCOMPLETE"],"outcome":"CHECK_BLOCKED"}', 'comprehensive-audit-remediation-003-perpetual-candidate-a-development:ValueError:PRIMARY persisted checker differs from current read-only checker; original_rebuild_diagnostic={"failed_checks":[{"detail":"EVIDENCE_INCOMPLETE: SourceRevision mismatch: clean_worktree; unexpected_paths=evidence/audit/comprehensive-remediation-001/owner-signoff-001/acceptance-pass-001/logs/01-full-test-discovery.log,evidence/audit/comprehensive-remediation-001/owner-signoff-001/acceptance-pass-001/logs/02-independent-fresh-process.log,evidence/audit/comprehensive-remediation-001/owner-signoff-001/acceptance-pass-001/logs/03-reverse-order.log,evidence/audit/comprehensive-remediation-001/owner-signoff-001/acceptance-pass-001/reverse-order/output.txt,evidence/audit/comprehensive-remediation-001/owner-signoff-001/acceptance-pass-001/reverse-order/result.json","name":"source_revision","pass":false}],"failure_codes":["EVIDENCE_INCOMPLETE"],"outcome":"CHECK_BLOCKED"}', 'comprehensive-audit-remediation-003-perpetual-candidate-b-development:ValueError:PRIMARY persisted checker differs from current read-only checker; original_rebuild_diagnostic={"failed_checks":[{"detail":"EVIDENCE_INCOMPLETE: SourceRevision mismatch: clean_worktree; unexpected_paths=evidence/audit/comprehensive-remediation-001/owner-signoff-001/acceptance-pass-001/logs/01-full-test-discovery.log,evidence/audit/comprehensive-remediation-001/owner-signoff-001/acceptance-pass-001/logs/02-independent-fresh-process.log,evidence/audit/comprehensive-remediation-001/owner-signoff-001/acceptance-pass-001/logs/03-reverse-order.log,evidence/audit/comprehensive-remediation-001/owner-signoff-001/acceptance-pass-001/reverse-order/output.txt,evidence/audit/comprehensive-remediation-001/owner-signoff-001/acceptance-pass-001/reverse-order/result.json","name":"source_revision","pass":false}],"failure_codes":["EVIDENCE_INCOMPLETE"],"outcome":"CHECK_BLOCKED"}', 'comprehensive-audit-remediation-003-spot-benchmark-buy-and-hold-1x-development:ValueError:PRIMARY persisted checker differs from current read-only checker; original_rebuild_diagnostic={"failed_checks":[{"detail":"EVIDENCE_INCOMPLETE: SourceRevision mismatch: clean_worktree; unexpected_paths=evidence/audit/comprehensive-remediation-001/owner-signoff-001/acceptance-pass-001/logs/01-full-test-discovery.log,evidence/audit/comprehensive-remediation-001/owner-signoff-001/acceptance-pass-001/logs/02-independent-fresh-process.log,evidence/audit/comprehensive-remediation-001/owner-signoff-001/acceptance-pass-001/logs/03-reverse-order.log,evidence/audit/comprehensive-remediation-001/owner-signoff-001/acceptance-pass-001/reverse-order/output.txt,evidence/audit/comprehensive-remediation-001/owner-signoff-001/acceptance-pass-001/reverse-order/result.json","name":"source_revision","pass":false}],"failure_codes":["EVIDENCE_INCOMPLETE"],"outcome":"CHECK_BLOCKED"}', 'comprehensive-audit-remediation-003-spot-candidate-a-development:ValueError:PRIMARY persisted checker differs from current read-only checker; original_rebuild_diagnostic={"failed_checks":[{"detail":"EVIDENCE_INCOMPLETE: SourceRevision mismatch: clean_worktree; unexpected_paths=evidence/audit/comprehensive-remediation-001/owner-signoff-001/acceptance-pass-001/logs/01-full-test-discovery.log,evidence/audit/comprehensive-remediation-001/owner-signoff-001/acceptance-pass-001/logs/02-independent-fresh-process.log,evidence/audit/comprehensive-remediation-001/owner-signoff-001/acceptance-pass-001/logs/03-reverse-order.log,evidence/audit/comprehensive-remediation-001/owner-signoff-001/acceptance-pass-001/reverse-order/output.txt,evidence/audit/comprehensive-remediation-001/owner-signoff-001/acceptance-pass-001/reverse-order/result.json","name":"source_revision","pass":false}],"failure_codes":["EVIDENCE_INCOMPLETE"],"outcome":"CHECK_BLOCKED"}', 'comprehensive-audit-remediation-003-spot-candidate-b-development:ValueError:PRIMARY persisted checker differs from current read-only checker; original_rebuild_diagnostic={"failed_checks":[{"detail":"EVIDENCE_INCOMPLETE: SourceRevision mismatch: clean_worktree; unexpected_paths=evidence/audit/comprehensive-remediation-001/owner-signoff-001/acceptance-pass-001/logs/01-full-test-discovery.log,evidence/audit/comprehensive-remediation-001/owner-signoff-001/acceptance-pass-001/logs/02-independent-fresh-process.log,evidence/audit/comprehensive-remediation-001/owner-signoff-001/acceptance-pass-001/logs/03-reverse-order.log,evidence/audit/comprehensive-remediation-001/owner-signoff-001/acceptance-pass-001/reverse-order/output.txt,evidence/audit/comprehensive-remediation-001/owner-signoff-001/acceptance-pass-001/reverse-order/result.json","name":"source_revision","pass":false}],"failure_codes":["EVIDENCE_INCOMPLETE"],"outcome":"CHECK_BLOCKED"}']

----------------------------------------------------------------------
Ran 61 tests in 40.875s

FAILED (failures=1)
