$ /home/builder/projects/nautilus-crypto-backtest-lab/.venv/bin/python -m unittest -v tests.adversarial.test_r2_causality_boundaries tests.adversarial.test_r2_execution_chain tests.adversarial.test_r2_full_raw_inventory tests.adversarial.test_r2_historical_authority_builder tests.adversarial.test_r2_historical_result_status tests.adversarial.test_r2_historical_result_status_builder tests.adversarial.test_r2_historical_validator_identity tests.adversarial.test_r2_locking_durability tests.adversarial.test_r2_material_valuation_grid tests.adversarial.test_r2_native_daily_snapshot_order tests.adversarial.test_r2_native_position_snapshots tests.adversarial.test_r2_official_active_resolution tests.adversarial.test_r2_official_metrics tests.adversarial.test_r2_official_sealing tests.adversarial.test_r2_perpetual_reconciliation tests.adversarial.test_r2_repository_authority_supersession tests.adversarial.test_r2_runtime_bootstrap tests.adversarial.test_r2_semantic_position_replay tests.adversarial.test_r2_spot_affordability_mutation tests.unit.test_r2_acceptance_validator tests.unit.test_r2_failure_code_vocabulary tests.unit.test_r2_official_rebuild_plan
exit_code=0
duration_seconds=50.594682

test_checker_rejects_signal_end_after_scoring_boundary (tests.adversarial.test_r2_causality_boundaries.R2CausalityBoundaryTests.test_checker_rejects_signal_end_after_scoring_boundary) ... ok
test_checker_rejects_submitted_warmup_interval_for_spot_and_perpetual (tests.adversarial.test_r2_causality_boundaries.R2CausalityBoundaryTests.test_checker_rejects_submitted_warmup_interval_for_spot_and_perpetual) ... ok
test_full_signal_interval_not_decision_timestamp_controls_eligibility (tests.adversarial.test_r2_causality_boundaries.R2CausalityBoundaryTests.test_full_signal_interval_not_decision_timestamp_controls_eligibility) ... ok
test_post_boundary_flag_is_derived_from_inputs_and_actual_callback_counters (tests.adversarial.test_r2_causality_boundaries.R2CausalityBoundaryTests.test_post_boundary_flag_is_derived_from_inputs_and_actual_callback_counters) ... ok
test_qualification_request_never_infers_authority_from_package_location (tests.adversarial.test_r2_causality_boundaries.R2CausalityBoundaryTests.test_qualification_request_never_infers_authority_from_package_location) ... ok
test_weekly_first_eligible_signal_is_one_week_after_scoring_start_for_both_profiles (tests.adversarial.test_r2_causality_boundaries.R2CausalityBoundaryTests.test_weekly_first_eligible_signal_is_one_week_after_scoring_start_for_both_profiles) ... ok
test_deleted_order_row_cannot_leave_a_submitted_intent_off_ledger (tests.adversarial.test_r2_execution_chain.ExecutionChainAdversarialTests.test_deleted_order_row_cannot_leave_a_submitted_intent_off_ledger) ... ok
test_duplicate_submitted_identifier_is_not_collapsed_by_checker (tests.adversarial.test_r2_execution_chain.ExecutionChainAdversarialTests.test_duplicate_submitted_identifier_is_not_collapsed_by_checker) ... ok
test_future_decision_and_effective_insert_tamper_fail_lookahead_contract (tests.adversarial.test_r2_execution_chain.ExecutionChainAdversarialTests.test_future_decision_and_effective_insert_tamper_fail_lookahead_contract) ... ok
test_low_level_strategy_api_rejects_future_decision_before_order_factory (tests.adversarial.test_r2_execution_chain.ExecutionChainAdversarialTests.test_low_level_strategy_api_rejects_future_decision_before_order_factory) ... ok
test_native_backtest_totals_cannot_be_rewritten (tests.adversarial.test_r2_execution_chain.ExecutionChainAdversarialTests.test_native_backtest_totals_cannot_be_rewritten) ... ok
test_order_quantity_side_status_and_instrument_are_native_bound (tests.adversarial.test_r2_execution_chain.ExecutionChainAdversarialTests.test_order_quantity_side_status_and_instrument_are_native_bound) ... ok
test_rehashed_deleted_native_lifecycle_cannot_pass_semantic_digest (tests.adversarial.test_r2_execution_chain.ExecutionChainAdversarialTests.test_rehashed_deleted_native_lifecycle_cannot_pass_semantic_digest) ... ok
test_four_way_gate_rejects_missing_member_and_changed_role_by_code (tests.adversarial.test_r2_full_raw_inventory.FullRawInventoryContractTests.test_four_way_gate_rejects_missing_member_and_changed_role_by_code) ... ok
test_funding_raw_lexeme_is_material_and_cannot_be_normalized_silently (tests.adversarial.test_r2_full_raw_inventory.FullRawInventoryContractTests.test_funding_raw_lexeme_is_material_and_cannot_be_normalized_silently) ... ok
test_independent_projection_includes_indirect_and_checksum_sources (tests.adversarial.test_r2_full_raw_inventory.FullRawInventoryContractTests.test_independent_projection_includes_indirect_and_checksum_sources) ... ok
test_missing_direct_source_and_missing_checksum_closure_fail_closed (tests.adversarial.test_r2_full_raw_inventory.FullRawInventoryContractTests.test_missing_direct_source_and_missing_checksum_closure_fail_closed) ... ok
test_order_profile_and_locator_mutations_fail_closed (tests.adversarial.test_r2_full_raw_inventory.FullRawInventoryContractTests.test_order_profile_and_locator_mutations_fail_closed) ... ok
test_publisher_checksum_lexeme_is_verified_after_rehashing (tests.adversarial.test_r2_full_raw_inventory.FullRawInventoryContractTests.test_publisher_checksum_lexeme_is_verified_after_rehashing) ... ok
test_qualification_full_inventory_is_distinct_and_does_not_weaken_research_grid (tests.adversarial.test_r2_full_raw_inventory.FullRawInventoryContractTests.test_qualification_full_inventory_is_distinct_and_does_not_weaken_research_grid) ... ok
test_raw_materialization_is_atomic_copy_not_hardlink (tests.adversarial.test_r2_full_raw_inventory.FullRawInventoryContractTests.test_raw_materialization_is_atomic_copy_not_hardlink) ... ok
test_research_release_requires_exact_independent_four_way_proof (tests.adversarial.test_r2_full_raw_inventory.FullRawInventoryContractTests.test_research_release_requires_exact_independent_four_way_proof) ... ok
test_runtime_verifier_rejects_missing_and_same_size_tamper (tests.adversarial.test_r2_full_raw_inventory.FullRawInventoryContractTests.test_runtime_verifier_rejects_missing_and_same_size_tamper) ... ok
test_schema_v2_is_typed_canonical_and_round_trips (tests.adversarial.test_r2_full_raw_inventory.FullRawInventoryContractTests.test_schema_v2_is_typed_canonical_and_round_trips) ... ok
test_current_product_spec_is_derived_without_fourteen_manual_authorities (tests.adversarial.test_r2_historical_authority_builder.HistoricalAuthorityBuilderTests.test_current_product_spec_is_derived_without_fourteen_manual_authorities) ... ok
test_derive_rejects_missing_or_cross_commit_expected_results (tests.adversarial.test_r2_historical_authority_builder.HistoricalAuthorityBuilderTests.test_derive_rejects_missing_or_cross_commit_expected_results) ... ok
test_derive_requires_combined_duckdb_and_nautilus_data_runtime (tests.adversarial.test_r2_historical_authority_builder.HistoricalAuthorityBuilderTests.test_derive_requires_combined_duckdb_and_nautilus_data_runtime) ... ok
test_exact_fourteen_plan_build_is_byte_deterministic_and_parseable (tests.adversarial.test_r2_historical_authority_builder.HistoricalAuthorityBuilderTests.test_exact_fourteen_plan_build_is_byte_deterministic_and_parseable) ... ok
test_executed_builder_must_equal_product_commit (tests.adversarial.test_r2_historical_authority_builder.HistoricalAuthorityBuilderTests.test_executed_builder_must_equal_product_commit) ... ok
test_expected_output_digest_is_part_of_bundle_identity (tests.adversarial.test_r2_historical_authority_builder.HistoricalAuthorityBuilderTests.test_expected_output_digest_is_part_of_bundle_identity) ... ok
test_external_file_hash_mismatch_fails_closed (tests.adversarial.test_r2_historical_authority_builder.HistoricalAuthorityBuilderTests.test_external_file_hash_mismatch_fails_closed) ... ok
test_external_root_inventory_addition_fails_closed (tests.adversarial.test_r2_historical_authority_builder.HistoricalAuthorityBuilderTests.test_external_root_inventory_addition_fails_closed) ... ok
test_external_root_symlink_fails_closed (tests.adversarial.test_r2_historical_authority_builder.HistoricalAuthorityBuilderTests.test_external_root_symlink_fails_closed) ... ok
test_external_target_cannot_overlay_different_historical_git_bytes (tests.adversarial.test_r2_historical_authority_builder.HistoricalAuthorityBuilderTests.test_external_target_cannot_overlay_different_historical_git_bytes) ... ok
test_fixture_plan_is_the_current_repository_legacy_plan (tests.adversarial.test_r2_historical_authority_builder.HistoricalAuthorityBuilderTests.test_fixture_plan_is_the_current_repository_legacy_plan) ... ok
test_noncanonical_or_incomplete_plan_is_rejected (tests.adversarial.test_r2_historical_authority_builder.HistoricalAuthorityBuilderTests.test_noncanonical_or_incomplete_plan_is_rejected) ... ok
test_symbolic_commit_name_is_rejected_instead_of_inferred (tests.adversarial.test_r2_historical_authority_builder.HistoricalAuthorityBuilderTests.test_symbolic_commit_name_is_rejected_instead_of_inferred) ... ok
test_builder_is_canonical_deterministic_and_performs_no_write (tests.adversarial.test_r2_historical_result_status.R2HistoricalResultStatusTests.test_builder_is_canonical_deterministic_and_performs_no_write) ... ok
test_candidate_is_invalidated_and_benchmark_is_only_superseded (tests.adversarial.test_r2_historical_result_status.R2HistoricalResultStatusTests.test_candidate_is_invalidated_and_benchmark_is_only_superseded) ... ok
test_cross_registry_conflict_and_missing_registry_fail_closed (tests.adversarial.test_r2_historical_result_status.R2HistoricalResultStatusTests.test_cross_registry_conflict_and_missing_registry_fail_closed) ... ok
test_duplicate_incomplete_and_conflicting_pairs_fail_closed (tests.adversarial.test_r2_historical_result_status.R2HistoricalResultStatusTests.test_duplicate_incomplete_and_conflicting_pairs_fail_closed) ... ok
test_evidence_tamper_deletion_and_symlink_fail_closed (tests.adversarial.test_r2_historical_result_status.R2HistoricalResultStatusTests.test_evidence_tamper_deletion_and_symlink_fail_closed) ... ok
test_general_resolver_rejects_every_non_active_result (tests.adversarial.test_r2_historical_result_status.R2HistoricalResultStatusTests.test_general_resolver_rejects_every_non_active_result) ... ok
test_noncanonical_duplicate_json_and_stale_root_identity_fail (tests.adversarial.test_r2_historical_result_status.R2HistoricalResultStatusTests.test_noncanonical_duplicate_json_and_stale_root_identity_fail) ... ok
test_registry_and_record_tampering_fail_even_when_hashes_are_recomputed (tests.adversarial.test_r2_historical_result_status.R2HistoricalResultStatusTests.test_registry_and_record_tampering_fail_even_when_hashes_are_recomputed) ... ok
test_builder_is_canonical_deterministic_and_covers_status_contract (tests.adversarial.test_r2_historical_result_status_builder.R2HistoricalResultStatusBuilderTests.test_builder_is_canonical_deterministic_and_covers_status_contract) ... ok
test_cli_creates_fixed_output_once_and_never_overwrites_collision (tests.adversarial.test_r2_historical_result_status_builder.R2HistoricalResultStatusBuilderTests.test_cli_creates_fixed_output_once_and_never_overwrites_collision) ... ok
test_exact_twelve_paths_and_all_frozen_hashes_match_historical_bytes (tests.adversarial.test_r2_historical_result_status_builder.R2HistoricalResultStatusBuilderTests.test_exact_twelve_paths_and_all_frozen_hashes_match_historical_bytes) ... ok
test_missing_or_tampered_historical_leaf_fails_before_output (tests.adversarial.test_r2_historical_result_status_builder.R2HistoricalResultStatusBuilderTests.test_missing_or_tampered_historical_leaf_fails_before_output) ... ok
test_output_symlink_and_symlinked_parent_are_rejected_without_mutation (tests.adversarial.test_r2_historical_result_status_builder.R2HistoricalResultStatusBuilderTests.test_output_symlink_and_symlinked_parent_are_rejected_without_mutation) ... ok
test_source_commit_and_recorded_time_must_be_explicit (tests.adversarial.test_r2_historical_result_status_builder.R2HistoricalResultStatusBuilderTests.test_source_commit_and_recorded_time_must_be_explicit) ... ok
test_authority_cannot_silently_select_a_different_commit (tests.adversarial.test_r2_historical_validator_identity.HistoricalValidatorIdentityTests.test_authority_cannot_silently_select_a_different_commit) ... ok
test_bound_external_input_tamper_fails_before_validator (tests.adversarial.test_r2_historical_validator_identity.HistoricalValidatorIdentityTests.test_bound_external_input_tamper_fails_before_validator) ... ok
test_changed_wrapper_identity_cannot_be_rebound_by_manifest_hash_update (tests.adversarial.test_r2_historical_validator_identity.HistoricalValidatorIdentityTests.test_changed_wrapper_identity_cannot_be_rebound_by_manifest_hash_update) ... ok
test_deleted_validator_in_selected_commit_fails_closure (tests.adversarial.test_r2_historical_validator_identity.HistoricalValidatorIdentityTests.test_deleted_validator_in_selected_commit_fails_closure) ... ok
test_execution_plan_must_enumerate_every_authority_once (tests.adversarial.test_r2_historical_validator_identity.HistoricalValidatorIdentityTests.test_execution_plan_must_enumerate_every_authority_once) ... ok
test_external_view_is_an_isolated_regular_copy_not_a_symlink (tests.adversarial.test_r2_historical_validator_identity.HistoricalValidatorIdentityTests.test_external_view_is_an_isolated_regular_copy_not_a_symlink) ... ok
test_matching_status_with_changed_stdout_contract_fails_closed (tests.adversarial.test_r2_historical_validator_identity.HistoricalValidatorIdentityTests.test_matching_status_with_changed_stdout_contract_fails_closed) ... ok
test_pinned_execution_rejects_evidence_current_mutated_wrapper_passes (tests.adversarial.test_r2_historical_validator_identity.HistoricalValidatorIdentityTests.test_pinned_execution_rejects_evidence_current_mutated_wrapper_passes) ... ok
test_repo_root_external_view_is_exact_and_does_not_copy_or_modify_source (tests.adversarial.test_r2_historical_validator_identity.HistoricalValidatorIdentityTests.test_repo_root_external_view_is_exact_and_does_not_copy_or_modify_source) ... ok
test_rewritten_history_without_ancestry_fails_closed (tests.adversarial.test_r2_historical_validator_identity.HistoricalValidatorIdentityTests.test_rewritten_history_without_ancestry_fails_closed) ... ok
test_v1_snapshot_is_diagnostic_only_and_never_execution_authority (tests.adversarial.test_r2_historical_validator_identity.HistoricalValidatorIdentityTests.test_v1_snapshot_is_diagnostic_only_and_never_execution_authority) ... ok
test_validator_cannot_modify_tracked_snapshot_after_bootstrap (tests.adversarial.test_r2_historical_validator_identity.HistoricalValidatorIdentityTests.test_validator_cannot_modify_tracked_snapshot_after_bootstrap) ... ok
test_validator_cannot_mutate_authoritative_external_bytes_through_view (tests.adversarial.test_r2_historical_validator_identity.HistoricalValidatorIdentityTests.test_validator_cannot_mutate_authoritative_external_bytes_through_view) ... ok
test_concurrent_recovery_appends_at_most_one_anchor (tests.adversarial.test_r2_locking_durability.R2LockingAndDurabilityTests.test_concurrent_recovery_appends_at_most_one_anchor) ... /usr/lib/python3.12/multiprocessing/popen_fork.py:66: DeprecationWarning: This process (pid=42536) is multi-threaded, use of fork() may lead to deadlocks in the child.
  self.pid = os.fork()
ok
test_exact_start_suffix_recovers_missing_anchor (tests.adversarial.test_r2_locking_durability.R2LockingAndDurabilityTests.test_exact_start_suffix_recovers_missing_anchor) ... ok
test_exact_terminal_suffix_recovers_missing_anchor (tests.adversarial.test_r2_locking_durability.R2LockingAndDurabilityTests.test_exact_terminal_suffix_recovers_missing_anchor) ... ok
test_journal_holdout_and_anchor_symlinks_fail_closed (tests.adversarial.test_r2_locking_durability.R2LockingAndDurabilityTests.test_journal_holdout_and_anchor_symlinks_fail_closed) ... ok
test_lock_file_symlink_is_rejected_without_touching_target (tests.adversarial.test_r2_locking_durability.R2LockingAndDurabilityTests.test_lock_file_symlink_is_rejected_without_touching_target) ... ok
test_planned_and_started_are_one_durable_append_batch (tests.adversarial.test_r2_locking_durability.R2LockingAndDurabilityTests.test_planned_and_started_are_one_durable_append_batch) ... ok
test_recovery_rejects_nonmatching_suffix_with_structured_code (tests.adversarial.test_r2_locking_durability.R2LockingAndDurabilityTests.test_recovery_rejects_nonmatching_suffix_with_structured_code) ... ok
test_symlinked_parent_and_nonregular_authority_are_rejected (tests.adversarial.test_r2_locking_durability.R2LockingAndDurabilityTests.test_symlinked_parent_and_nonregular_authority_are_rejected) ... ok
test_exact_dataset_projection_passes (tests.adversarial.test_r2_material_valuation_grid.MaterialValuationGridAdversarialTests.test_exact_dataset_projection_passes) ... ok
test_jointly_rehashed_mark_and_snapshot_cannot_replace_dataset_mark (tests.adversarial.test_r2_material_valuation_grid.MaterialValuationGridAdversarialTests.test_jointly_rehashed_mark_and_snapshot_cannot_replace_dataset_mark) ... ok
test_missing_duplicate_wrong_instrument_and_wrong_bar_each_fail_exact_role (tests.adversarial.test_r2_material_valuation_grid.MaterialValuationGridAdversarialTests.test_missing_duplicate_wrong_instrument_and_wrong_bar_each_fail_exact_role) ... ok
test_spot_forbids_material_mark_rows (tests.adversarial.test_r2_material_valuation_grid.MaterialValuationGridAdversarialTests.test_spot_forbids_material_mark_rows) ... ok
test_pre_funding_daily_snapshot_tamper_fails_financial_reconciliation (tests.adversarial.test_r2_native_daily_snapshot_order.DailySnapshotReconciliationTests.test_pre_funding_daily_snapshot_tamper_fails_financial_reconciliation) ... ok
test_spot_daily_snapshot_replays_balances_and_open_position_marks (tests.adversarial.test_r2_native_daily_snapshot_order.DailySnapshotReconciliationTests.test_spot_daily_snapshot_replays_balances_and_open_position_marks) ... ok
test_native_post_event_snapshot_includes_same_timestamp_funding (tests.adversarial.test_r2_native_daily_snapshot_order.NativeSnapshotEventOrderTests.test_native_post_event_snapshot_includes_same_timestamp_funding) ... ok
test_runner_and_independent_checker_close_the_same_research_family_scope (tests.adversarial.test_r2_native_daily_snapshot_order.NativeSnapshotEventOrderTests.test_runner_and_independent_checker_close_the_same_research_family_scope) ... ok
test_two_close_reopen_lifecycles_use_exact_detached_native_snapshots (tests.adversarial.test_r2_native_position_snapshots.NativePositionSnapshotAdversarialTests.test_two_close_reopen_lifecycles_use_exact_detached_native_snapshots) ... ok
test_active_primary_reaches_the_normal_seal_and_evidence_boundary (tests.adversarial.test_r2_official_active_resolution.R2OfficialActiveResolutionTests.test_active_primary_reaches_the_normal_seal_and_evidence_boundary) ... ok
test_every_legacy_publisher_guards_primary_and_replay_sources (tests.adversarial.test_r2_official_active_resolution.R2OfficialActiveResolutionTests.test_every_legacy_publisher_guards_primary_and_replay_sources) ... ok
test_legacy_classification_accepts_only_registered_non_active_sources (tests.adversarial.test_r2_official_active_resolution.R2OfficialActiveResolutionTests.test_legacy_classification_accepts_only_registered_non_active_sources) ... ok
test_missing_status_authority_fails_closed (tests.adversarial.test_r2_official_active_resolution.R2OfficialActiveResolutionTests.test_missing_status_authority_fails_closed) ... ok
test_non_selected_inactive_completed_trial_is_excluded_before_revalidation (tests.adversarial.test_r2_official_active_resolution.R2OfficialActiveResolutionTests.test_non_selected_inactive_completed_trial_is_excluded_before_revalidation) ... ok
test_primary_is_rejected_as_inactive_before_run_payload_is_consumed (tests.adversarial.test_r2_official_active_resolution.R2OfficialActiveResolutionTests.test_primary_is_rejected_as_inactive_before_run_payload_is_consumed) ... ok
test_replay_is_rejected_as_inactive_before_native_result_is_read (tests.adversarial.test_r2_official_active_resolution.R2OfficialActiveResolutionTests.test_replay_is_rejected_as_inactive_before_native_result_is_read) ... ok
test_selected_inactive_completed_trial_remains_ineligible (tests.adversarial.test_r2_official_active_resolution.R2OfficialActiveResolutionTests.test_selected_inactive_completed_trial_remains_ineligible) ... ok
test_cash_only_or_inconsistent_pnl_cannot_define_total_portfolio_return (tests.adversarial.test_r2_official_metrics.OfficialDailyMetricsAdversarialTests.test_cash_only_or_inconsistent_pnl_cannot_define_total_portfolio_return) ... ok
test_daily_marked_equity_is_the_single_official_metric_basis (tests.adversarial.test_r2_official_metrics.OfficialDailyMetricsAdversarialTests.test_daily_marked_equity_is_the_single_official_metric_basis) ... ok
test_known_result_metrics_are_bound_to_independently_calculated_golden_values (tests.adversarial.test_r2_official_metrics.OfficialDailyMetricsAdversarialTests.test_known_result_metrics_are_bound_to_independently_calculated_golden_values)
Catch a shared generator/validator mutation such as n-1 becoming n. ... ok
test_native_statistics_and_sample_threshold_cannot_override_official_metrics (tests.adversarial.test_r2_official_metrics.OfficialDailyMetricsAdversarialTests.test_native_statistics_and_sample_threshold_cannot_override_official_metrics) ... ok
test_nonpositive_daily_equity_makes_risk_metrics_explicitly_undefined (tests.adversarial.test_r2_official_metrics.OfficialDailyMetricsAdversarialTests.test_nonpositive_daily_equity_makes_risk_metrics_explicitly_undefined) ... ok
test_rehashed_basis_or_limitation_tamper_fails_the_metric_contract (tests.adversarial.test_r2_official_metrics.OfficialDailyMetricsAdversarialTests.test_rehashed_basis_or_limitation_tamper_fails_the_metric_contract) ... ok
test_rehashed_official_metric_tamper_fails_the_metric_contract (tests.adversarial.test_r2_official_metrics.OfficialDailyMetricsAdversarialTests.test_rehashed_official_metric_tamper_fails_the_metric_contract) ... ok
test_small_sample_and_zero_variance_are_not_published_as_numbers (tests.adversarial.test_r2_official_metrics.OfficialDailyMetricsAdversarialTests.test_small_sample_and_zero_variance_are_not_published_as_numbers) ... ok
test_spot_daily_equity_is_independently_replayed_from_fills_and_bars (tests.adversarial.test_r2_official_metrics.OfficialDailyMetricsAdversarialTests.test_spot_daily_equity_is_independently_replayed_from_fills_and_bars) ... ok
test_stale_or_wrong_currency_snapshot_money_is_rejected (tests.adversarial.test_r2_official_metrics.OfficialDailyMetricsAdversarialTests.test_stale_or_wrong_currency_snapshot_money_is_rejected) ... ok
test_warmup_or_missing_daily_boundary_is_rejected (tests.adversarial.test_r2_official_metrics.OfficialDailyMetricsAdversarialTests.test_warmup_or_missing_daily_boundary_is_rejected) ... ok
test_canonical_no_fill_stream_may_be_empty_but_funding_csv_may_not (tests.adversarial.test_r2_official_sealing.OfficialSealingAdversarialTests.test_canonical_no_fill_stream_may_be_empty_but_funding_csv_may_not) ... ok
test_complete_exact_package_has_official_seal_pass (tests.adversarial.test_r2_official_sealing.OfficialSealingAdversarialTests.test_complete_exact_package_has_official_seal_pass) ... ok
test_extra_modified_and_empty_leaf_are_rejected (tests.adversarial.test_r2_official_sealing.OfficialSealingAdversarialTests.test_extra_modified_and_empty_leaf_are_rejected) ... ok
test_manifest_builder_cannot_authorize_a_preexisting_extra_leaf (tests.adversarial.test_r2_official_sealing.OfficialSealingAdversarialTests.test_manifest_builder_cannot_authorize_a_preexisting_extra_leaf) ... ok
test_manifest_status_and_seal_tamper_each_fail (tests.adversarial.test_r2_official_sealing.OfficialSealingAdversarialTests.test_manifest_status_and_seal_tamper_each_fail) ... ok
test_missing_mandatory_funding_is_structured_failure (tests.adversarial.test_r2_official_sealing.OfficialSealingAdversarialTests.test_missing_mandatory_funding_is_structured_failure) ... ok
test_public_api_rejects_injected_component_pass_oracle (tests.adversarial.test_r2_official_sealing.OfficialSealingAdversarialTests.test_public_api_rejects_injected_component_pass_oracle) ... ok
test_research_release_requires_rebuild_proof_as_a_sealed_leaf (tests.adversarial.test_r2_official_sealing.OfficialSealingAdversarialTests.test_research_release_requires_rebuild_proof_as_a_sealed_leaf) ... ok
test_symlink_leaf_is_rejected_before_hash_trust (tests.adversarial.test_r2_official_sealing.OfficialSealingAdversarialTests.test_symlink_leaf_is_rejected_before_hash_trust) ... ok
test_unknown_root_fields_fail_after_all_downstream_hashes_are_rebuilt (tests.adversarial.test_r2_official_sealing.OfficialSealingAdversarialTests.test_unknown_root_fields_fail_after_all_downstream_hashes_are_rebuilt) ... ok
test_account_plus_10000_is_rejected (tests.adversarial.test_r2_perpetual_reconciliation.PerpetualReconciliationAdversarialTests.test_account_plus_10000_is_rejected) ... ok
test_commission_currency_and_amount_are_rejected (tests.adversarial.test_r2_perpetual_reconciliation.PerpetualReconciliationAdversarialTests.test_commission_currency_and_amount_are_rejected) ... ok
test_completed_lifecycle_native_values_and_extra_currency_are_bound (tests.adversarial.test_r2_perpetual_reconciliation.PerpetualReconciliationAdversarialTests.test_completed_lifecycle_native_values_and_extra_currency_are_bound) ... ok
test_deleted_duplicate_and_wrong_sign_funding_are_rejected (tests.adversarial.test_r2_perpetual_reconciliation.PerpetualReconciliationAdversarialTests.test_deleted_duplicate_and_wrong_sign_funding_are_rejected) ... ok
test_deleted_duplicate_fill_and_bad_reversal_are_rejected (tests.adversarial.test_r2_perpetual_reconciliation.PerpetualReconciliationAdversarialTests.test_deleted_duplicate_fill_and_bad_reversal_are_rejected) ... ok
test_final_position_tamper_is_rejected (tests.adversarial.test_r2_perpetual_reconciliation.PerpetualReconciliationAdversarialTests.test_final_position_tamper_is_rejected) ... ok
test_known_result_reconciles_every_financial_layer (tests.adversarial.test_r2_perpetual_reconciliation.PerpetualReconciliationAdversarialTests.test_known_result_reconciles_every_financial_layer) ... ok
test_locked_free_margin_tamper_is_rejected (tests.adversarial.test_r2_perpetual_reconciliation.PerpetualReconciliationAdversarialTests.test_locked_free_margin_tamper_is_rejected) ... ok
test_native_account_projection_binds_margin_and_csv_rows (tests.adversarial.test_r2_perpetual_reconciliation.PerpetualReconciliationAdversarialTests.test_native_account_projection_binds_margin_and_csv_rows) ... ok
test_native_completed_schema_and_run_identity_are_strict (tests.adversarial.test_r2_perpetual_reconciliation.PerpetualReconciliationAdversarialTests.test_native_completed_schema_and_run_identity_are_strict) ... ok
test_native_reported_account_pair_is_bound_without_double_counting (tests.adversarial.test_r2_perpetual_reconciliation.PerpetualReconciliationAdversarialTests.test_native_reported_account_pair_is_bound_without_double_counting) ... ok
test_no_fill_no_position_run_reconciles_without_inventing_state (tests.adversarial.test_r2_perpetual_reconciliation.PerpetualReconciliationAdversarialTests.test_no_fill_no_position_run_reconciles_without_inventing_state) ... ok
test_pinned_f64_money_rounding_matches_runtime_and_not_decimal_shortcuts (tests.adversarial.test_r2_perpetual_reconciliation.PerpetualReconciliationAdversarialTests.test_pinned_f64_money_rounding_matches_runtime_and_not_decimal_shortcuts)
Bind exact rc2 binary64 scaling and midpoint behavior. ... ok
test_position_snapshot_fields_type_and_side_are_mandatory (tests.adversarial.test_r2_perpetual_reconciliation.PerpetualReconciliationAdversarialTests.test_position_snapshot_fields_type_and_side_are_mandatory) ... ok
test_real_retry_006_tie_replays_native_unrealized_money_exactly (tests.adversarial.test_r2_perpetual_reconciliation.PerpetualReconciliationAdversarialTests.test_real_retry_006_tie_replays_native_unrealized_money_exactly) ... ok
test_realized_unrealized_and_terminal_mark_tamper_are_rejected (tests.adversarial.test_r2_perpetual_reconciliation.PerpetualReconciliationAdversarialTests.test_realized_unrealized_and_terminal_mark_tamper_are_rejected) ... ok
test_retained_candidate_a_pinned_f64_reconciles_positions_and_daily_equity (tests.adversarial.test_r2_perpetual_reconciliation.PerpetualReconciliationAdversarialTests.test_retained_candidate_a_pinned_f64_reconciles_positions_and_daily_equity)
Golden regression for the first real multi-cycle Candidate failure. ... ok
test_retained_native_benchmark_account_shape_reconciles_exactly (tests.adversarial.test_r2_perpetual_reconciliation.PerpetualReconciliationAdversarialTests.test_retained_native_benchmark_account_shape_reconciles_exactly)
Exercise the real rc2 reported/unreported funding AccountState pairs. ... ok
test_unbound_account_delta_is_rejected (tests.adversarial.test_r2_perpetual_reconciliation.PerpetualReconciliationAdversarialTests.test_unbound_account_delta_is_rejected) ... ok
test_cli_emits_only_canonical_registry (tests.adversarial.test_r2_repository_authority_supersession.R2RepositoryAuthoritySupersessionTests.test_cli_emits_only_canonical_registry) ... ok
test_every_retry_009_primary_and_replay_is_ineligible (tests.adversarial.test_r2_repository_authority_supersession.R2RepositoryAuthoritySupersessionTests.test_every_retry_009_primary_and_replay_is_ineligible) ... ok
test_exact_retry_009_scope_is_canonical_and_only_superseded (tests.adversarial.test_r2_repository_authority_supersession.R2RepositoryAuthoritySupersessionTests.test_exact_retry_009_scope_is_canonical_and_only_superseded) ... ok
test_missing_pair_or_rehashed_semantic_mutation_fails_closed (tests.adversarial.test_r2_repository_authority_supersession.R2RepositoryAuthoritySupersessionTests.test_missing_pair_or_rehashed_semantic_mutation_fails_closed) ... ok
test_real_builder_is_deterministic_and_does_not_rebless_tamper (tests.adversarial.test_r2_repository_authority_supersession.R2RepositoryAuthoritySupersessionTests.test_real_builder_is_deterministic_and_does_not_rebless_tamper) ... ok
test_authority_builder_cannot_bless_unlocked_distribution (tests.adversarial.test_r2_runtime_bootstrap.IsolatedRuntimeBootstrapTests.test_authority_builder_cannot_bless_unlocked_distribution) ... ok
test_checkpoint_push_disables_repository_hooks (tests.adversarial.test_r2_runtime_bootstrap.IsolatedRuntimeBootstrapTests.test_checkpoint_push_disables_repository_hooks) ... ok
test_checkpoint_push_gets_a_separate_sanitized_environment (tests.adversarial.test_r2_runtime_bootstrap.IsolatedRuntimeBootstrapTests.test_checkpoint_push_gets_a_separate_sanitized_environment) ... ok
test_checkpoint_push_rejects_a_symlinked_git_config (tests.adversarial.test_r2_runtime_bootstrap.IsolatedRuntimeBootstrapTests.test_checkpoint_push_rejects_a_symlinked_git_config) ... ok
test_different_executable_identity_fails_before_import (tests.adversarial.test_r2_runtime_bootstrap.IsolatedRuntimeBootstrapTests.test_different_executable_identity_fails_before_import) ... ok
test_direct_owner_api_requires_bootstrap_state_before_side_effects (tests.adversarial.test_r2_runtime_bootstrap.IsolatedRuntimeBootstrapTests.test_direct_owner_api_requires_bootstrap_state_before_side_effects) ... ok
test_exact_isolated_runtime_executes_pinned_product_bytes (tests.adversarial.test_r2_runtime_bootstrap.IsolatedRuntimeBootstrapTests.test_exact_isolated_runtime_executes_pinned_product_bytes) ... ok
test_extra_pth_fails_exact_site_inventory (tests.adversarial.test_r2_runtime_bootstrap.IsolatedRuntimeBootstrapTests.test_extra_pth_fails_exact_site_inventory) ... ok
test_m3_child_also_enters_through_the_exact_isolated_bootstrap (tests.adversarial.test_r2_runtime_bootstrap.IsolatedRuntimeBootstrapTests.test_m3_child_also_enters_through_the_exact_isolated_bootstrap) ... ok
test_m3_positive_qualification_requires_persisted_startup_attestation (tests.adversarial.test_r2_runtime_bootstrap.IsolatedRuntimeBootstrapTests.test_m3_positive_qualification_requires_persisted_startup_attestation) ... ok
test_native_extension_payload_mutation_fails_before_product_import (tests.adversarial.test_r2_runtime_bootstrap.IsolatedRuntimeBootstrapTests.test_native_extension_payload_mutation_fails_before_product_import) ... ok
test_only_declared_recovery_state_may_be_dirty_and_staging_may_not (tests.adversarial.test_r2_runtime_bootstrap.IsolatedRuntimeBootstrapTests.test_only_declared_recovery_state_may_be_dirty_and_staging_may_not) ... ok
test_owner_child_uses_exact_environment_and_bootstrap_flags (tests.adversarial.test_r2_runtime_bootstrap.IsolatedRuntimeBootstrapTests.test_owner_child_uses_exact_environment_and_bootstrap_flags) ... ok
test_product_change_after_authority_fails_before_target (tests.adversarial.test_r2_runtime_bootstrap.IsolatedRuntimeBootstrapTests.test_product_change_after_authority_fails_before_target) ... ok
test_pythonpath_sitecustomize_and_shadow_product_fail_before_import (tests.adversarial.test_r2_runtime_bootstrap.IsolatedRuntimeBootstrapTests.test_pythonpath_sitecustomize_and_shadow_product_fail_before_import) ... ok
test_real_owner_entrypoint_observes_verified_frozen_attestation (tests.adversarial.test_r2_runtime_bootstrap.IsolatedRuntimeBootstrapTests.test_real_owner_entrypoint_observes_verified_frozen_attestation) ... ok
test_record_payload_mutation_fails_before_dependency_import (tests.adversarial.test_r2_runtime_bootstrap.IsolatedRuntimeBootstrapTests.test_record_payload_mutation_fails_before_dependency_import) ... ok
test_runtime_authority_builder_is_deterministic_complete_and_reports_resolved_commit (tests.adversarial.test_r2_runtime_bootstrap.IsolatedRuntimeBootstrapTests.test_runtime_authority_builder_is_deterministic_complete_and_reports_resolved_commit) ... ok
test_sitecustomize_usercustomize_and_shadow_dependency_fail_inventory (tests.adversarial.test_r2_runtime_bootstrap.IsolatedRuntimeBootstrapTests.test_sitecustomize_usercustomize_and_shadow_dependency_fail_inventory) ... ok
test_stale_dependency_pyc_is_ignored_even_when_header_matches_source (tests.adversarial.test_r2_runtime_bootstrap.IsolatedRuntimeBootstrapTests.test_stale_dependency_pyc_is_ignored_even_when_header_matches_source) ... ok
test_symlinked_authority_is_rejected_before_read (tests.adversarial.test_r2_runtime_bootstrap.IsolatedRuntimeBootstrapTests.test_symlinked_authority_is_rejected_before_read) ... ok
test_changed_identity_relationship_or_financial_value_remains_semantic (tests.adversarial.test_r2_semantic_position_replay.SemanticPositionReplayTests.test_changed_identity_relationship_or_financial_value_remains_semantic) ... ok
test_checker_rejects_rehashed_forged_semantic_position_projection (tests.adversarial.test_r2_semantic_position_replay.SemanticPositionReplayTests.test_checker_rejects_rehashed_forged_semantic_position_projection) ... ok
test_process_local_ids_are_normalized_without_mutating_native_rows (tests.adversarial.test_r2_semantic_position_replay.SemanticPositionReplayTests.test_process_local_ids_are_normalized_without_mutating_native_rows) ... ok
test_base_quantity_cost_adds_not_subtracts_commission (tests.adversarial.test_r2_spot_affordability_mutation.SpotAffordabilityMutationControls.test_base_quantity_cost_adds_not_subtracts_commission) ... ok
test_dataset_acceptance_sentinel_uses_reserved_quote_sizing (tests.adversarial.test_r2_spot_affordability_mutation.SpotAffordabilityMutationControls.test_dataset_acceptance_sentinel_uses_reserved_quote_sizing)
The real 1,000,000 USDT max-price bound must not block the sentinel. ... ok
test_invalid_affordability_domain_fails_closed (tests.adversarial.test_r2_spot_affordability_mutation.SpotAffordabilityMutationControls.test_invalid_affordability_domain_fails_closed) ... ok
test_quote_capacity_reserves_fee_and_both_rounding_budgets (tests.adversarial.test_r2_spot_affordability_mutation.SpotAffordabilityMutationControls.test_quote_capacity_reserves_fee_and_both_rounding_budgets) ... ok
test_component_cannot_promote_a_legacy_or_partial_outcome (tests.unit.test_r2_acceptance_validator.R2AcceptanceValidatorTests.test_component_cannot_promote_a_legacy_or_partial_outcome) ... ok
test_dataset_rebuild_missing_four_way_proof_is_structured (tests.unit.test_r2_acceptance_validator.R2AcceptanceValidatorTests.test_dataset_rebuild_missing_four_way_proof_is_structured) ... ok
test_master_acceptance_binds_the_exact_plan_epoch (tests.unit.test_r2_acceptance_validator.R2AcceptanceValidatorTests.test_master_acceptance_binds_the_exact_plan_epoch) ... ok
test_metrics_reject_non_daily_or_warmup_basis (tests.unit.test_r2_acceptance_validator.R2AcceptanceValidatorTests.test_metrics_reject_non_daily_or_warmup_basis) ... ok
test_missing_plan_returns_closed_structured_failure (tests.unit.test_r2_acceptance_validator.R2AcceptanceValidatorTests.test_missing_plan_returns_closed_structured_failure) ... ok
test_partial_retry_010_reports_fail_current_holdout_semantics (tests.unit.test_r2_acceptance_validator.R2AcceptanceValidatorTests.test_partial_retry_010_reports_fail_current_holdout_semantics) ... ok
test_persisted_retry_009_reports_survive_strict_immutable_projection (tests.unit.test_r2_acceptance_validator.R2AcceptanceValidatorTests.test_persisted_retry_009_reports_survive_strict_immutable_projection) ... ok
test_plan_is_exactly_r2_development_only (tests.unit.test_r2_acceptance_validator.R2AcceptanceValidatorTests.test_plan_is_exactly_r2_development_only) ... ok
test_replay_requires_both_seals_and_exact_semantic_digest (tests.unit.test_r2_acceptance_validator.R2AcceptanceValidatorTests.test_replay_requires_both_seals_and_exact_semantic_digest) ... ok
test_report_cannot_authorize_profitability_live_or_holdout (tests.unit.test_r2_acceptance_validator.R2AcceptanceValidatorTests.test_report_cannot_authorize_profitability_live_or_holdout) ... ok
test_symlinked_plan_is_rejected_before_any_run_resolution (tests.unit.test_r2_acceptance_validator.R2AcceptanceValidatorTests.test_symlinked_plan_is_rejected_before_any_run_resolution) ... ok
test_checker_never_propagates_unknown_preflight_or_guard_lexemes (tests.unit.test_r2_failure_code_vocabulary.R2FailureCodeVocabularyTests.test_checker_never_propagates_unknown_preflight_or_guard_lexemes) ... ok
test_legacy_registry_unknown_code_becomes_canonical_incomplete (tests.unit.test_r2_failure_code_vocabulary.R2FailureCodeVocabularyTests.test_legacy_registry_unknown_code_becomes_canonical_incomplete) ... ok
test_persisted_report_and_m3_schema_reject_arbitrary_codes (tests.unit.test_r2_failure_code_vocabulary.R2FailureCodeVocabularyTests.test_persisted_report_and_m3_schema_reject_arbitrary_codes) ... ok
test_product_output_rejects_unknown_codes_but_evidence_maps_them_closed (tests.unit.test_r2_failure_code_vocabulary.R2FailureCodeVocabularyTests.test_product_output_rejects_unknown_codes_but_evidence_maps_them_closed) ... ok
test_builder_freezes_six_unique_development_only_primary_replay_plans (tests.unit.test_r2_official_rebuild_plan.R2OfficialRebuildPlanTests.test_builder_freezes_six_unique_development_only_primary_replay_plans) ... ok
test_current_registry_gate_rejects_wrong_component_or_runtime (tests.unit.test_r2_official_rebuild_plan.R2OfficialRebuildPlanTests.test_current_registry_gate_rejects_wrong_component_or_runtime) ... ok
test_legacy_check_pass_registry_fails_the_component_gate (tests.unit.test_r2_official_rebuild_plan.R2OfficialRebuildPlanTests.test_legacy_check_pass_registry_fails_the_component_gate) ... ok
test_legacy_dataset_releases_fail_the_r2_full_inventory_gate (tests.unit.test_r2_official_rebuild_plan.R2OfficialRebuildPlanTests.test_legacy_dataset_releases_fail_the_r2_full_inventory_gate) ... ok
test_m3_qualification_release_cannot_authorize_official_research (tests.unit.test_r2_official_rebuild_plan.R2OfficialRebuildPlanTests.test_m3_qualification_release_cannot_authorize_official_research) ... ok
test_missing_latest_registry_fails_closed_without_older_fallback (tests.unit.test_r2_official_rebuild_plan.R2OfficialRebuildPlanTests.test_missing_latest_registry_fails_closed_without_older_fallback) ... ok
test_new_epoch_never_overwrites_prior_benchmark_evidence (tests.unit.test_r2_official_rebuild_plan.R2OfficialRebuildPlanTests.test_new_epoch_never_overwrites_prior_benchmark_evidence) ... ok
test_owner_rejects_a_v2_profile_from_an_older_registry (tests.unit.test_r2_official_rebuild_plan.R2OfficialRebuildPlanTests.test_owner_rejects_a_v2_profile_from_an_older_registry) ... ok
test_owner_rejects_missing_or_prefixed_development_claim_token (tests.unit.test_r2_official_rebuild_plan.R2OfficialRebuildPlanTests.test_owner_rejects_missing_or_prefixed_development_claim_token) ... ok
test_owner_resolves_the_r2_qualification_registry_before_legacy_authorities (tests.unit.test_r2_official_rebuild_plan.R2OfficialRebuildPlanTests.test_owner_resolves_the_r2_qualification_registry_before_legacy_authorities) ... ok
test_plan_preparation_rejects_an_older_qualification_registry (tests.unit.test_r2_official_rebuild_plan.R2OfficialRebuildPlanTests.test_plan_preparation_rejects_an_older_qualification_registry) ... ok
test_preparation_output_is_fresh_external_and_under_tmp (tests.unit.test_r2_official_rebuild_plan.R2OfficialRebuildPlanTests.test_preparation_output_is_fresh_external_and_under_tmp) ... ok
test_qualification_executable_closure_rejects_stale_product_bytes (tests.unit.test_r2_official_rebuild_plan.R2OfficialRebuildPlanTests.test_qualification_executable_closure_rejects_stale_product_bytes) ... ok
test_r2_research_family_is_new_but_strategy_lineage_is_preserved (tests.unit.test_r2_official_rebuild_plan.R2OfficialRebuildPlanTests.test_r2_research_family_is_new_but_strategy_lineage_is_preserved) ... ok
test_rebuild_validation_must_bind_both_release_inventory_and_catalogs (tests.unit.test_r2_official_rebuild_plan.R2OfficialRebuildPlanTests.test_rebuild_validation_must_bind_both_release_inventory_and_catalogs) ... ok
test_uncommitted_registry_bytes_cannot_become_current_authority (tests.unit.test_r2_official_rebuild_plan.R2OfficialRebuildPlanTests.test_uncommitted_registry_bytes_cannot_become_current_authority) ... ok

----------------------------------------------------------------------
Ran 193 tests in 49.840s

OK
