$ /home/builder/projects/nautilus-crypto-backtest-lab/.venv/bin/python -m unittest -v tests.adversarial.test_r2_runtime_bootstrap
exit_code=0
duration_seconds=8.636086

test_authority_builder_cannot_bless_unlocked_distribution (tests.adversarial.test_r2_runtime_bootstrap.IsolatedRuntimeBootstrapTests.test_authority_builder_cannot_bless_unlocked_distribution) ... ok
test_checkpoint_push_disables_repository_hooks (tests.adversarial.test_r2_runtime_bootstrap.IsolatedRuntimeBootstrapTests.test_checkpoint_push_disables_repository_hooks) ... ok
test_checkpoint_push_gets_a_separate_sanitized_environment (tests.adversarial.test_r2_runtime_bootstrap.IsolatedRuntimeBootstrapTests.test_checkpoint_push_gets_a_separate_sanitized_environment) ... ok
test_checkpoint_push_rejects_a_symlinked_git_config (tests.adversarial.test_r2_runtime_bootstrap.IsolatedRuntimeBootstrapTests.test_checkpoint_push_rejects_a_symlinked_git_config) ... ok
test_different_executable_identity_fails_before_import (tests.adversarial.test_r2_runtime_bootstrap.IsolatedRuntimeBootstrapTests.test_different_executable_identity_fails_before_import) ... ok
test_direct_owner_api_requires_bootstrap_state_before_side_effects (tests.adversarial.test_r2_runtime_bootstrap.IsolatedRuntimeBootstrapTests.test_direct_owner_api_requires_bootstrap_state_before_side_effects) ... ok
test_exact_isolated_runtime_executes_pinned_product_bytes (tests.adversarial.test_r2_runtime_bootstrap.IsolatedRuntimeBootstrapTests.test_exact_isolated_runtime_executes_pinned_product_bytes) ... ok
test_extra_pth_fails_exact_site_inventory (tests.adversarial.test_r2_runtime_bootstrap.IsolatedRuntimeBootstrapTests.test_extra_pth_fails_exact_site_inventory) ... ok
test_m3_child_also_enters_through_the_exact_isolated_bootstrap (tests.adversarial.test_r2_runtime_bootstrap.IsolatedRuntimeBootstrapTests.test_m3_child_also_enters_through_the_exact_isolated_bootstrap) ... ok
test_m3_positive_qualification_requires_persisted_startup_attestation (tests.adversarial.test_r2_runtime_bootstrap.IsolatedRuntimeBootstrapTests.test_m3_positive_qualification_requires_persisted_startup_attestation) ... ok
test_native_extension_payload_mutation_fails_before_product_import (tests.adversarial.test_r2_runtime_bootstrap.IsolatedRuntimeBootstrapTests.test_native_extension_payload_mutation_fails_before_product_import) ... ok
test_only_declared_recovery_state_may_be_dirty_and_staging_may_not (tests.adversarial.test_r2_runtime_bootstrap.IsolatedRuntimeBootstrapTests.test_only_declared_recovery_state_may_be_dirty_and_staging_may_not) ... ok
test_owner_child_uses_exact_environment_and_bootstrap_flags (tests.adversarial.test_r2_runtime_bootstrap.IsolatedRuntimeBootstrapTests.test_owner_child_uses_exact_environment_and_bootstrap_flags) ... ok
test_product_change_after_authority_fails_before_target (tests.adversarial.test_r2_runtime_bootstrap.IsolatedRuntimeBootstrapTests.test_product_change_after_authority_fails_before_target) ... ok
test_pythonpath_sitecustomize_and_shadow_product_fail_before_import (tests.adversarial.test_r2_runtime_bootstrap.IsolatedRuntimeBootstrapTests.test_pythonpath_sitecustomize_and_shadow_product_fail_before_import) ... ok
test_real_owner_entrypoint_observes_verified_frozen_attestation (tests.adversarial.test_r2_runtime_bootstrap.IsolatedRuntimeBootstrapTests.test_real_owner_entrypoint_observes_verified_frozen_attestation) ... ok
test_record_payload_mutation_fails_before_dependency_import (tests.adversarial.test_r2_runtime_bootstrap.IsolatedRuntimeBootstrapTests.test_record_payload_mutation_fails_before_dependency_import) ... ok
test_runtime_authority_builder_is_deterministic_complete_and_reports_resolved_commit (tests.adversarial.test_r2_runtime_bootstrap.IsolatedRuntimeBootstrapTests.test_runtime_authority_builder_is_deterministic_complete_and_reports_resolved_commit) ... ok
test_sitecustomize_usercustomize_and_shadow_dependency_fail_inventory (tests.adversarial.test_r2_runtime_bootstrap.IsolatedRuntimeBootstrapTests.test_sitecustomize_usercustomize_and_shadow_dependency_fail_inventory) ... ok
test_stale_dependency_pyc_is_ignored_even_when_header_matches_source (tests.adversarial.test_r2_runtime_bootstrap.IsolatedRuntimeBootstrapTests.test_stale_dependency_pyc_is_ignored_even_when_header_matches_source) ... ok
test_symlinked_authority_is_rejected_before_read (tests.adversarial.test_r2_runtime_bootstrap.IsolatedRuntimeBootstrapTests.test_symlinked_authority_is_rejected_before_read) ... ok

----------------------------------------------------------------------
Ran 21 tests in 8.292s

OK
